2026-07-19T03:46:27.665841  New Odyssey date!: The Odyssey IMAX 70MM added for 2026-07-18: 10:45pm, 2:30am
2026-07-20T21:49:51.487491  New date on sale: 2026-08-13: The Odyssey IMAX 70MM added for 2026-08-13: 10:45pm, 11:30am, 2:30am, 3:15pm, 7:00pm, 7:45am
2026-07-20T22:15:47.595900  Seats open 2026-08-13 11:30am: The Odyssey IMAX 70MM: E17-E26, E15, E1-E9, F18-F26, F8, F3-F5, G20-G26, G1-G7, H21-H26, H1-H6, J22-J26, J1-J6, K17-K26, K1-K10
2026-07-20T22:15:58.910320  Seats open 2026-08-13 3:15pm: The Odyssey IMAX 70MM: E21-E26, E1-E6, F21-F26, F1-F6, G24-G26, G21, G1-G6, H21-H26, H3-H4, J23-J25, J1-J6, K22-K26, K1-K9
2026-07-20T22:16:10.491385  Seats open 2026-08-13 7:00pm: The Odyssey IMAX 70MM: E26, E1, F1, G26, G1, J26
2026-07-20T22:16:22.769678  Seats open 2026-08-13 10:45pm: The Odyssey IMAX 70MM: E18-E26, E1-E8, F22-F26, F1-F6, G21-G26, G1-G6, H24-H26, H1-H5, J24-J26, J1-J5, K21-K26, K3-K5
2026-07-20T23:18:18.056868  Seats open 2026-07-26 10:45pm: The Odyssey IMAX 70MM: E25-E26
2026-07-21T12:01:28.217860  New date on sale: 2026-08-18: The Odyssey IMAX 70MM added for 2026-08-18: 10:45pm, 11:30am, 3:15pm, 7:00pm, 7:45am
2026-07-21T12:01:39.413406  New date on sale: 2026-08-19: The Odyssey IMAX 70MM added for 2026-08-19: 10:45pm, 11:30am, 3:15pm, 7:00pm, 7:45am
2026-07-21T12:27:39.192049  Seats open 2026-08-18 11:30am: The Odyssey IMAX 70MM: E1-E26, F1-F26, G1-G26, H1-H26, J1-J26, K1-K26
2026-07-21T12:28:00.806052  Seats open 2026-08-18 7:00pm: The Odyssey IMAX 70MM: E16-E26, E1-E11, F15-F26, F1-F12, G17-G26, G1-G10, H16-H26, H1-H11, J15-J26, J1-J12, K15-K26, K1-K12
2026-07-21T12:28:13.946708  Seats open 2026-08-18 10:45pm: The Odyssey IMAX 70MM: E1-E26, F1-F26, G1-G26, H14-H26, H1-H11, J1-J26, K1-K26
2026-07-21T12:28:24.743119  Seats open 2026-08-19 11:30am: The Odyssey IMAX 70MM: E1-E26, F1-F26, G1-G26, H1-H26, J1-J26, K1-K26
2026-07-21T14:38:16.265890  Seats open 2026-08-13 11:30am: The Odyssey IMAX 70MM: H1-H2
2026-07-21T14:38:36.862227  Seats open 2026-08-13 7:00pm: The Odyssey IMAX 70MM: E26, E1
2026-07-21T14:39:10.530964  Seats open 2026-08-18 3:15pm: The Odyssey IMAX 70MM: E18-E26, E1-E8, F22-F26, F1-F10, G19-G26, G1-G9, H20-H26, H1-H8, J19-J26, J1-J8, K20-K26, K1-K6
2026-07-21T16:21:24.055515  Seats open 2026-08-10 10:45pm: The Odyssey IMAX 70MM: E1
2026-07-21T16:23:07.071206  Seats open 2026-08-13 3:15pm: The Odyssey IMAX 70MM: F26
2026-07-21T17:45:08.294240  New date on sale: 2026-08-14: The Odyssey IMAX 70MM added for 2026-08-14: 10:45pm, 11:30am, 3:15pm, 7:00pm, 7:45am
2026-07-21T17:45:22.965865  New date on sale: 2026-08-15: The Odyssey IMAX 70MM added for 2026-08-15: 10:45pm, 11:30am, 3:15pm, 7:00pm, 7:45am
2026-07-21T17:45:32.761725  New date on sale: 2026-08-16: The Odyssey IMAX 70MM added for 2026-08-16: 10:45pm, 11:30am, 3:15pm, 7:00pm, 7:45am
2026-07-21T17:45:43.633082  New date on sale: 2026-08-17: The Odyssey IMAX 70MM added for 2026-08-17: 10:45pm, 11:30am, 3:15pm, 7:00pm, 7:45am
2026-07-21T18:13:22.537774  Seats open 2026-08-17 11:30am: The Odyssey IMAX 70MM: E24-E26, H1
2026-07-21T18:13:33.161939  Seats open 2026-08-17 3:15pm: The Odyssey IMAX 70MM: E26, F1, G1, H1
2026-07-21T18:13:55.282620  Seats open 2026-08-17 10:45pm: The Odyssey IMAX 70MM: E26, E1
2026-07-21T19:51:12.748144  Seats open 2026-07-21 3:15pm: The Odyssey IMAX 70MM: H24-H25
2026-07-21T21:32:56.682144  Seats open 2026-07-21 3:15pm: The Odyssey IMAX 70MM: F24, G4
2026-07-22T01:09:55.727654  Seats open 2026-07-21 10:45pm: The Odyssey IMAX 70MM: F2
2026-07-22T10:07:49.872356  Seats open 2026-07-23 11:30am: The Odyssey IMAX 70MM: G13
2026-07-22T14:23:16.758535  Seats open 2026-07-23 3:15pm: The Odyssey IMAX 70MM: F15
2026-07-22T16:07:47.271776  Seats open 2026-07-22 11:30am: The Odyssey IMAX 70MM: F15
2026-07-22T16:11:12.127109  Seats open 2026-07-27 3:15pm: The Odyssey IMAX 70MM: K8-K10
2026-07-22T20:21:49.524355  Seats open 2026-07-22 3:15pm: The Odyssey IMAX 70MM: F10, H14
2026-07-22T21:54:01.856709  Seats open 2026-07-22 10:45pm: The Odyssey IMAX 70MM: J13-J15
2026-07-22T23:16:01.773767  Seats open 2026-07-23 11:30am: The Odyssey IMAX 70MM: E3
2026-07-23T16:14:16.206127  Seats open 2026-07-23 11:30am: The Odyssey IMAX 70MM: J25
2026-07-23T16:30:33.512080  Seats open 2026-08-14 11:30am: The Odyssey IMAX 70MM: F8-F9
2026-07-23T21:25:44.841135  Seats open 2026-07-29 11:30am: The Odyssey IMAX 70MM: E1
2026-07-23T23:43:44.487504  Seats open 2026-07-29 3:15pm: The Odyssey IMAX 70MM: K25-K26
2026-07-24T18:02:05.295572  Seats open 2026-07-25 3:15pm: The Odyssey IMAX 70MM: G23
2026-07-24T19:46:42.794841  Seats open 2026-07-24 3:15pm: The Odyssey IMAX 70MM: H2-H3
2026-07-24T21:25:42.363412  Seats open 2026-07-30 10:45pm: The Odyssey IMAX 70MM: J15
2026-07-25T04:07:00.775748  Seats open 2026-08-13 7:00pm: The Odyssey IMAX 70MM: E26
2026-07-25T16:39:50.596633  Seats open 2026-07-25 7:00pm: The Odyssey IMAX 70MM: J8
2026-07-25T17:39:23.934597  Seats open 2026-07-27 10:45pm: The Odyssey IMAX 70MM: E1
2026-07-25T22:05:31.388960  Seats open 2026-07-25 11:30am: The Odyssey IMAX 70MM: E17
2026-07-26T12:22:19.768313  Seats open 2026-07-26 7:00pm: The Odyssey IMAX 70MM: G12-G15
2026-07-26T12:33:16.800805  Seats open 2026-08-10 7:00pm: The Odyssey IMAX 70MM: H17-H18
2026-07-26T12:35:03.812013  Seats open 2026-08-13 11:30am: The Odyssey IMAX 70MM: F6-F7
2026-07-26T15:16:24.614095  Seats open 2026-07-26 7:00pm: The Odyssey IMAX 70MM: H7
2026-07-26T15:19:39.316933  Seats open 2026-07-31 11:30am: The Odyssey IMAX 70MM: K21
2026-07-26T18:52:41.609497  Seats open 2026-08-13 7:00pm: The Odyssey IMAX 70MM: F8
2026-07-26T21:09:22.114417  Seats open 2026-07-26 3:15pm: The Odyssey IMAX 70MM: F3
2026-07-26T22:09:22.310180  Seats open 2026-07-26 11:30am: The Odyssey IMAX 70MM: G22, H1
2026-07-27T00:10:09.023357  Seats open 2026-07-26 3:15pm: The Odyssey IMAX 70MM: F3
2026-07-27T08:10:04.604072  Seats open 2026-08-15 3:15pm: The Odyssey IMAX 70MM: F26
2026-07-27T11:40:46.939686  Seats open 2026-08-02 10:45pm: The Odyssey IMAX 70MM: F10-F11
2026-07-27T19:51:31.768840  Seats open 2026-07-28 7:00pm: The Odyssey IMAX 70MM: J9-J11
2026-07-27T21:46:03.404372  Seats open 2026-08-16 7:00pm: The Odyssey IMAX 70MM: J21-J23
2026-07-27T22:39:11.918126  Seats open 2026-07-27 11:30am: The Odyssey IMAX 70MM: G13
2026-07-28T04:22:03.234464  Seats open 2026-07-27 3:15pm: The Odyssey IMAX 70MM: K8
2026-07-28T12:25:29.034014  Seats open 2026-07-29 10:45pm: The Odyssey IMAX 70MM: F21-F24
2026-07-28T12:27:13.344853  Seats open 2026-08-01 3:15pm: The Odyssey IMAX 70MM: K22
2026-07-28T15:03:24.977952  Seats open 2026-07-28 11:30am: The Odyssey IMAX 70MM: F1
2026-07-28T21:18:37.916386  New date on sale: 2026-08-20: The Odyssey IMAX 70MM added for 2026-08-20: 10:45pm, 11:30am, 3:15pm, 7:00pm, 7:45am
2026-07-28T21:45:32.236055  Seats open 2026-08-20 11:30am: The Odyssey IMAX 70MM: E23-E24, E1-E5, F23-F26, F1-F4, G26, G1-G2, H24-H26, H1-H3, J25-J26, J1-J2, K24-K26, K1-K3
2026-07-28T22:43:48.329067  Seats open 2026-08-03 3:15pm: The Odyssey IMAX 70MM: H4
2026-07-28T23:43:00.804903  Seats open 2026-08-07 11:30am: The Odyssey IMAX 70MM: E6-E7
2026-07-29T14:56:37.066744  Seats open 2026-07-29 11:30am: The Odyssey IMAX 70MM: K9
2026-07-29T16:38:08.797426  New date on sale: 2026-08-23: The Odyssey IMAX 70MM added for 2026-08-23: 3:30pm
2026-07-29T17:52:10.989250  Seats open 2026-07-29 11:30am: The Odyssey IMAX 70MM: G4
2026-07-29T20:43:45.114604  Seats open 2026-07-29 3:15pm: The Odyssey IMAX 70MM: H20
2026-07-29T21:33:07.341786  Seats open 2026-07-30 10:45pm: The Odyssey IMAX 70MM: H26
2026-07-30T07:19:36.853570  New date on sale: 2026-08-30: The Odyssey IMAX 70MM added for 2026-08-30: 7:15pm
2026-07-30T07:19:48.935834  New date on sale: 2026-08-31: The Odyssey IMAX 70MM added for 2026-08-31: 7:15pm
2026-07-30T07:34:07.092427  Seats open 2026-08-08 7:00pm: The Odyssey IMAX 70MM: F1
2026-07-30T07:42:50.013814  Seats open 2026-08-20 7:00pm: The Odyssey IMAX 70MM: K26
2026-07-30T07:43:24.040236  Seats open 2026-08-30 7:15pm: The Odyssey IMAX 70MM: E26, E3, F26, F3, G1, J26
2026-07-30T07:43:34.653556  Seats open 2026-08-31 7:15pm: The Odyssey IMAX 70MM: E22-E24, E1-E2, F21-F26, F1-F4, G24-G26, G1-G3, H23-H26, H1-H3, J25-J26, J1-J3, K23-K26, K1-K4
2026-07-30T12:01:19.066655  Seats open 2026-07-30 11:30am: The Odyssey IMAX 70MM: F11-F16
2026-07-31T01:11:22.573992  Seats open 2026-07-30 7:00pm: The Odyssey IMAX 70MM: F5-F9, J26
2026-07-31T07:44:56.949803  Seats open 2026-08-20 10:45pm: The Odyssey IMAX 70MM: G26
2026-07-31T07:45:29.820441  Seats open 2026-08-31 7:15pm: The Odyssey IMAX 70MM: G2-G3
2026-07-31T12:15:43.530014  Seats open 2026-08-01 3:15pm: The Odyssey IMAX 70MM: F16
2026-08-08T19:28:29.402504  Seats open 2026-08-10 11:30am: The Odyssey IMAX 70MM: F6
2026-08-08T19:59:29.515394  Seats open 2026-08-08 3:15pm: The Odyssey IMAX 70MM: F12
2026-08-08T20:04:19.940165  Seats open 2026-08-15 11:30am: The Odyssey IMAX 70MM: F16
2026-08-08T20:44:40.003931  New date on sale: 2026-08-21: The Odyssey IMAX 70MM added for 2026-08-21: 11:00pm, 11:45am, 2:45am, 3:30pm, 7:15pm, 8:00am
2026-08-08T20:44:50.148864  New date on sale: 2026-08-22: The Odyssey IMAX 70MM added for 2026-08-22: 11:00pm, 11:45am, 2:45am, 3:30pm, 7:15pm, 8:00am
2026-08-08T20:45:00.900628  New date on sale: 2026-08-24: The Odyssey IMAX 70MM added for 2026-08-24: 11:00pm, 11:45am, 3:30pm, 7:15pm, 8:00am
2026-08-08T20:45:12.895723  New date on sale: 2026-08-25: The Odyssey IMAX 70MM added for 2026-08-25: 11:00pm, 11:45am, 3:30pm, 7:15pm, 8:00am
2026-08-08T20:45:22.950043  New date on sale: 2026-08-26: The Odyssey IMAX 70MM added for 2026-08-26: 10:10pm, 10:30am, 2:15pm
2026-08-08T20:45:35.807635  New date on sale: 2026-08-27: The Odyssey IMAX 70MM added for 2026-08-27: 11:00pm, 11:45am, 3:30pm, 7:15pm, 8:00am
2026-08-08T20:45:48.320243  New date on sale: 2026-08-28: The Odyssey IMAX 70MM added for 2026-08-28: 11:00pm, 11:45am, 2:45am, 3:30pm, 7:15pm, 8:00am
2026-08-08T20:46:00.027497  New date on sale: 2026-08-29: The Odyssey IMAX 70MM added for 2026-08-29: 11:00pm, 11:45am, 2:45am, 3:30pm, 7:15pm, 8:00am
2026-08-08T20:46:11.080989  New date on sale: 2026-09-01: The Odyssey IMAX 70MM added for 2026-09-01: 11:00pm, 11:45am, 3:30pm, 7:15pm, 8:00am
2026-08-08T20:46:21.475140  New date on sale: 2026-09-02: The Odyssey IMAX 70MM added for 2026-09-02: 11:00pm, 11:45am, 3:30pm, 7:15pm, 8:00am
2026-08-08T20:46:31.709509  New date on sale: 2026-09-03: The Odyssey IMAX 70MM added for 2026-09-03: 11:00pm, 11:45am, 3:30pm, 7:15pm, 8:00am
2026-08-08T20:46:43.186618  New date on sale: 2026-09-04: The Odyssey IMAX 70MM added for 2026-09-04: 11:00pm, 11:45am, 2:45am, 3:30pm, 7:15pm, 8:00am
2026-08-08T20:46:55.814743  New date on sale: 2026-09-05: The Odyssey IMAX 70MM added for 2026-09-05: 11:00pm, 11:45am, 2:45am, 3:30pm, 7:15pm, 8:00am
2026-08-08T20:47:05.423837  New date on sale: 2026-09-06: The Odyssey IMAX 70MM added for 2026-09-06: 11:00pm, 11:45am, 2:45am, 3:30pm, 7:15pm, 8:00am
2026-08-08T20:47:17.290541  New date on sale: 2026-09-07: The Odyssey IMAX 70MM added for 2026-09-07: 11:00pm, 11:45am, 3:30pm, 7:15pm, 8:00am
2026-08-08T20:47:26.320950  New date on sale: 2026-09-08: The Odyssey IMAX 70MM added for 2026-09-08: 11:00pm, 11:45am, 3:30pm, 7:15pm, 8:00am
2026-08-08T20:47:36.236340  New date on sale: 2026-09-09: The Odyssey IMAX 70MM added for 2026-09-09: 11:00pm, 11:45am, 3:30pm, 7:15pm, 8:00am
2026-08-08T20:47:45.805460  New date on sale: 2026-09-10: The Odyssey IMAX 70MM added for 2026-09-10: 11:00pm, 11:45am, 3:30pm, 7:15pm, 8:00am
2026-08-08T20:47:55.859627  New date on sale: 2026-09-11: The Odyssey IMAX 70MM added for 2026-09-11: 11:00pm, 11:45am, 2:45am, 3:30pm, 7:15pm, 8:00am
2026-08-08T20:48:08.708162  New date on sale: 2026-09-12: The Odyssey IMAX 70MM added for 2026-09-12: 11:00pm, 11:45am, 2:45am, 3:30pm, 7:15pm, 8:00am
2026-08-08T20:48:19.100326  New date on sale: 2026-09-13: The Odyssey IMAX 70MM added for 2026-09-13: 11:00pm, 11:45am, 2:45am, 3:30pm, 7:15pm, 8:00am
2026-08-08T20:48:29.045661  New date on sale: 2026-09-14: The Odyssey IMAX 70MM added for 2026-09-14: 11:00pm, 11:45am, 3:30pm, 7:15pm, 8:00am
2026-08-08T20:48:40.606404  New date on sale: 2026-09-15: The Odyssey IMAX 70MM added for 2026-09-15: 11:00pm, 11:45am, 3:30pm, 7:15pm, 8:00am
2026-08-08T20:48:49.745626  New date on sale: 2026-09-16: The Odyssey IMAX 70MM added for 2026-09-16: 11:00pm, 11:45am, 3:30pm, 7:15pm, 8:00am
2026-08-08T20:55:08.739175  Seats open 2026-08-08 3:15pm: The Odyssey IMAX 70MM: G15
2026-08-09T23:48:28.295283  Seats open 2026-08-17 7:00pm: The Odyssey IMAX 70MM: J1, K1
2026-08-10T00:05:14.584415  Seats open 2026-09-12 3:30pm: The Odyssey IMAX 70MM: H4
2026-08-10T17:58:50.488340  Seats open 2026-08-10 11:30am: The Odyssey IMAX 70MM: G2
2026-08-10T18:03:38.530340  Seats open 2026-08-17 11:30am: The Odyssey IMAX 70MM: K18
2026-08-13T11:33:01.487912  Seats open 2026-08-13 11:30am: The Odyssey IMAX 70MM: H21
2026-08-13T12:34:14.519501  Seats open 2026-08-20 11:30am: The Odyssey IMAX 70MM: F25-F26
2026-08-13T16:07:07.153116  Seats open 2026-08-13 11:30am: The Odyssey IMAX 70MM: E22
2026-08-13T16:07:41.064615  Seats open 2026-08-13 10:45pm: The Odyssey IMAX 70MM: E26, E22
2026-08-13T17:08:28.864740  Seats open 2026-08-13 11:30am: The Odyssey IMAX 70MM: E13, J1
2026-08-13T17:11:15.224646  Seats open 2026-08-16 10:45pm: The Odyssey IMAX 70MM: J18
2026-08-13T18:20:52.427675  Seats open 2026-08-26 2:15pm: The Odyssey IMAX 70MM: E1
2026-08-15T22:50:53.104780  Seats open 2026-08-17 11:30am: The Odyssey IMAX 70MM: G3-G4
2026-08-16T02:02:24.922695  Seats open 2026-08-15 3:15pm: The Odyssey IMAX 70MM: F7, H25, H17-H18, H7, J2-J3
2026-08-16T08:16:52.857181  Seats open 2026-08-16 11:30am: The Odyssey IMAX 70MM: K6-K7
2026-08-16T13:11:06.190877  Seats open 2026-09-06 11:00pm: The Odyssey IMAX 70MM: G15-G16
2026-08-16T14:55:15.638955  Seats open 2026-09-11 11:45am: The Odyssey IMAX 70MM: H21-H24
2026-08-16T15:57:30.073023  Seats open 2026-08-20 11:30am: The Odyssey IMAX 70MM: G25-G26, G2, H1
2026-08-16T16:14:10.063331  Seats open 2026-09-14 11:45am: The Odyssey IMAX 70MM: F9-F10
2026-08-16T16:58:53.694384  Seats open 2026-09-06 11:00pm: The Odyssey IMAX 70MM: F24-F25
2026-08-16T17:04:21.631685  Seats open 2026-09-14 3:30pm: The Odyssey IMAX 70MM: J3, K24, K3
2026-08-16T22:31:25.036543  Seats open 2026-08-16 11:30am: The Odyssey IMAX 70MM: K6-K7
2026-08-17T00:10:59.157074  Seats open 2026-08-21 3:30pm: The Odyssey IMAX 70MM: G26
2026-08-17T01:52:12.025112  Seats open 2026-08-16 3:15pm: The Odyssey IMAX 70MM: E22, G25, H16-H17, K23
2026-08-17T02:00:28.230311  Seats open 2026-08-29 11:45am: The Odyssey IMAX 70MM: F12-F13
2026-08-17T14:53:18.537668  Seats open 2026-09-09 11:45am: The Odyssey IMAX 70MM: F26
2026-08-17T20:27:36.972042  Seats open 2026-08-18 3:15pm: The Odyssey IMAX 70MM: J22-J23
2026-08-17T20:36:26.229747  Seats open 2026-08-20 10:45pm: The Odyssey IMAX 70MM: J21
2026-08-17T21:22:59.190725  Seats open 2026-08-17 3:15pm: The Odyssey IMAX 70MM: E10, F22, F18, G24, H17, J12-J13, K19-K20
2026-08-18T01:47:18.366762  Seats open 2026-08-17 7:00pm: The Odyssey IMAX 70MM: K18
2026-08-18T04:02:07.171255  Seats open 2026-08-17 10:45pm: The Odyssey IMAX 70MM: E16-E17, E4
2026-08-18T04:47:41.052207  Seats open 2026-08-17 10:45pm: The Odyssey IMAX 70MM: J8-J9
2026-08-18T04:47:52.479944  Seats open 2026-08-18 11:30am: The Odyssey IMAX 70MM: F9-F10, G24-G25, J18
2026-08-18T04:48:04.244383  Seats open 2026-08-18 3:15pm: The Odyssey IMAX 70MM: J22-J23, J15-J16
2026-08-18T05:40:43.257429  Seats open 2026-08-18 11:30am: The Odyssey IMAX 70MM: G24-G26, H7
2026-08-18T05:43:55.020449  Seats open 2026-08-22 7:15pm: The Odyssey IMAX 70MM: H15, H12
2026-08-18T07:26:43.191074  Seats open 2026-09-15 3:30pm: The Odyssey IMAX 70MM: K3-K4
2026-08-18T07:50:49.240919  Seats open 2026-08-20 11:30am: The Odyssey IMAX 70MM: E1-E3, F1-F2
2026-08-18T08:50:51.700583  Seats open 2026-08-18 3:15pm: The Odyssey IMAX 70MM: F21
2026-08-18T10:00:14.684848  Seats open 2026-08-30 7:15pm: The Odyssey IMAX 70MM: E7
2026-08-18T14:57:15.562377  Seats open 2026-08-21 11:45am: The Odyssey IMAX 70MM: E16-E17
2026-08-18T14:57:38.559079  Seats open 2026-08-21 7:15pm: The Odyssey IMAX 70MM: E24
2026-08-18T19:14:17.993929  Seats open 2026-08-18 11:30am: The Odyssey IMAX 70MM: F9-F10
2026-08-18T19:17:30.425860  Seats open 2026-08-22 7:15pm: The Odyssey IMAX 70MM: E18-E20
2026-08-18T20:15:19.781409  Seats open 2026-08-20 3:15pm: The Odyssey IMAX 70MM: F19-F20
2026-08-18T20:32:56.757983  Seats open 2026-09-15 11:00pm: The Odyssey IMAX 70MM: G8-G9
2026-08-18T20:35:54.002021  Seats open 2026-08-18 7:00pm: The Odyssey IMAX 70MM: J14
2026-08-18T21:44:14.416887  Seats open 2026-08-20 7:00pm: The Odyssey IMAX 70MM: G20
2026-08-18T21:46:31.370547  Seats open 2026-08-24 3:30pm: The Odyssey IMAX 70MM: E26
2026-08-18T21:47:05.034207  Seats open 2026-08-25 11:45am: The Odyssey IMAX 70MM: F3
2026-08-18T22:43:11.884698  Seats open 2026-08-27 11:00pm: The Odyssey IMAX 70MM: G5-G8
2026-08-18T23:32:38.305267  Seats open 2026-08-18 7:00pm: The Odyssey IMAX 70MM: F23
2026-08-19T00:01:53.199429  Seats open 2026-08-18 7:00pm: The Odyssey IMAX 70MM: J1
2026-08-19T00:02:05.845498  Seats open 2026-08-18 10:45pm: The Odyssey IMAX 70MM: F10
2026-08-19T03:08:11.621421  Seats open 2026-08-18 10:45pm: The Odyssey IMAX 70MM: K11
2026-08-19T03:34:10.306823  Seats open 2026-09-14 3:30pm: The Odyssey IMAX 70MM: K16
2026-08-19T03:55:15.366474  Seats open 2026-08-18 10:45pm: The Odyssey IMAX 70MM: F11, H19-H20
2026-08-19T03:58:37.184706  Seats open 2026-08-24 3:30pm: The Odyssey IMAX 70MM: K17
